../Core/Src/main.c:76:5:main	32	static
../Core/Src/main.c:157:6:SystemClock_Config	88	static
../Core/Src/main.c:205:13:MX_I2C1_Init	8	static
../Core/Src/main.c:239:13:MX_USART2_UART_Init	8	static
../Core/Src/main.c:272:13:MX_GPIO_Init	48	static
../Core/Src/main.c:308:5:__io_putchar	24	static
../Core/Src/main.c:316:15:bme280_i2c_read	48	static
../Core/Src/main.c:325:15:bme280_i2c_write	48	static
../Core/Src/main.c:334:13:bme280_delay_us	16	static
../Core/Src/main.c:345:6:Error_Handler	4	static,ignoring_inline_asm
